<?xml version="1.0" ?>
<testsuites failures="0" name="TestXML" tests="1" time="0">
	<testsuite name="" failures="0"  tests="1" time="0">
		<testcase name=" norm angle" time="0"></testcase>
	</testsuite>

</testsuites>